ARM Linker, 5.03 [Build 76] [MDK-ARM Professional]

==============================================================================

Section Cross References

    startup.o(STACK) refers (Special) to heapauxi.o(.text) for __use_two_region_memory
    startup.o(HEAP) refers (Special) to heapauxi.o(.text) for __use_two_region_memory
    startup.o(RESET) refers (Special) to heapauxi.o(.text) for __use_two_region_memory
    startup.o(RESET) refers to startup.o(STACK) for StackMem
    startup.o(RESET) refers to spaceinvaders.o(i.SysTick_Handler) for SysTick_Handler
    startup.o(RESET) refers to spaceinvaders.o(i.Timer0A_Handler) for Timer0A_Handler
    startup.o(RESET) refers to spaceinvaders.o(i.Timer1A_Handler) for Timer1A_Handler
    startup.o(RESET) refers to spaceinvaders.o(i.Timer2A_Handler) for Timer2A_Handler
    startup.o(RESET) refers to spaceinvaders.o(i.Timer3A_Handler) for Timer3A_Handler
    startup.o(RESET) refers to texas.o(.text) for Timer4A_Handler
    startup.o(RESET) refers to __main.o(!!!main) for __main
    startup.o(.text) refers (Special) to heapauxi.o(.text) for __use_two_region_memory
    startup.o(.text) refers to startup.o(HEAP) for HeapMem
    startup.o(.text) refers to startup.o(STACK) for StackMem
    random.o(.text) refers to random.o(DATA) for M
    sound.o(i.noteConvert) refers to dflt_clz.o(x$fpl$dflt) for __aeabi_i2d
    sound.o(i.noteConvert) refers to powl.o(i.powl) for powl
    sound.o(i.noteConvert) refers to dmul.o(x$fpl$dmul) for __aeabi_dmul
    sound.o(i.noteConvert) refers to ddiv.o(x$fpl$ddiv) for __aeabi_ddiv
    sound.o(i.noteConvert) refers to dfix.o(x$fpl$dfix) for __aeabi_d2iz
    sound.o(i.sound1) refers to sound.o(.data) for sound1curr
    sound.o(i.sound1) refers to sound.o(.constdata) for sound1Inst
    sound.o(i.sound1Set) refers to sound.o(i.noteConvert) for noteConvert
    sound.o(i.sound1Set) refers to sound.o(.data) for sound1arrpt
    sound.o(i.sound1Set) refers to sound.o(.constdata) for sound1Times
    sound.o(i.sound2) refers to sound.o(.data) for sound2curr
    sound.o(i.sound2) refers to sound.o(.constdata) for sound2Inst
    sound.o(i.sound2Set) refers to sound.o(i.noteConvert) for noteConvert
    sound.o(i.sound2Set) refers to sound.o(.data) for sound2arrpt
    sound.o(i.sound2Set) refers to sound.o(.constdata) for sound2Times
    sound.o(i.sound3) refers to sound.o(.data) for sound3curr
    sound.o(i.soundTick) refers to sound.o(i.sound1Set) for sound1Set
    sound.o(i.soundTick) refers to sound.o(i.sound2Set) for sound2Set
    sound.o(i.soundTick) refers to sound.o(.data) for sound1count
    print.o(.text) refers (Special) to st7735.o(i.ST7735_OutString) for ST7735_OutString
    print.o(.text) refers to st7735.o(i.ST7735_OutChar) for ST7735_OutChar
    spaceinvaders.o(i.SysTick_Handler) refers to sound.o(i.soundTick) for soundTick
    spaceinvaders.o(i.Timer0A_Handler) refers to movement.o(i.posUpdate) for posUpdate
    spaceinvaders.o(i.Timer0A_Handler) refers to conversions.o(i.entityConvert) for entityConvert
    spaceinvaders.o(i.Timer0A_Handler) refers to st7735.o(i.ST7735_DrawBitmap) for ST7735_DrawBitmap
    spaceinvaders.o(i.Timer0A_Handler) refers to spaceinvaders.o(i.detect) for detect
    spaceinvaders.o(i.Timer0A_Handler) refers to buttons.o(i.buttonTest) for buttonTest
    spaceinvaders.o(i.Timer0A_Handler) refers to spaceinvaders.o(i.boxDel) for boxDel
    spaceinvaders.o(i.Timer0A_Handler) refers to spaceinvaders.o(i.boxNew) for boxNew
    spaceinvaders.o(i.Timer0A_Handler) refers to spaceinvaders.o(.data) for count
    spaceinvaders.o(i.Timer0A_Handler) refers to spaceinvaders.o(.bss) for entities
    spaceinvaders.o(i.Timer0A_Handler) refers to tileset.o(.constdata) for specialgrey
    spaceinvaders.o(i.Timer1A_Handler) refers to sound.o(i.sound1) for sound1
    spaceinvaders.o(i.Timer2A_Handler) refers to sound.o(i.sound2) for sound2
    spaceinvaders.o(i.Timer3A_Handler) refers to sound.o(i.sound3) for sound3
    spaceinvaders.o(i.boxDel) refers to conversions.o(i.entityConvert) for entityConvert
    spaceinvaders.o(i.boxDel) refers to st7735.o(i.ST7735_DrawBitmap) for ST7735_DrawBitmap
    spaceinvaders.o(i.boxDel) refers to st7735.o(i.ST7735_FillScreen) for ST7735_FillScreen
    spaceinvaders.o(i.boxDel) refers to spaceinvaders.o(.bss) for entities
    spaceinvaders.o(i.boxDel) refers to tileset.o(.constdata) for specialgrey
    spaceinvaders.o(i.boxNew) refers to spaceinvaders.o(.bss) for entities
    spaceinvaders.o(i.detect) refers to spaceinvaders.o(.bss) for entities
    spaceinvaders.o(i.main) refers to startup.o(.text) for DisableInterrupts
    spaceinvaders.o(i.main) refers to texas.o(.text) for TExaS_Init
    spaceinvaders.o(i.main) refers to portinit.o(i.portDInit) for portDInit
    spaceinvaders.o(i.main) refers to portinit.o(i.portBInit) for portBInit
    spaceinvaders.o(i.main) refers to timers.o(i.timerInit) for timerInit
[...]

Removing Unused input sections from the image.

    Removing random.o(DATA), (4 bytes).
    Removing random.o(.text), (64 bytes).
    Removing dac.o(i.DAC_Init), (92 bytes).
    Removing dac.o(i.DAC_Out), (12 bytes).
    Removing st7735.o(i.Output_Clear), (10 bytes).
    Removing st7735.o(i.Output_Color), (12 bytes).
    Removing st7735.o(i.Output_Init), (16 bytes).
    Removing st7735.o(i.Output_Off), (8 bytes).
    Removing st7735.o(i.Output_On), (8 bytes).
    Removing st7735.o(i.ST7735_Color565), (24 bytes).
    Removing st7735.o(i.ST7735_DrawChar), (268 bytes).
    Removing st7735.o(i.ST7735_DrawFastHLine), (124 bytes).
    Removing st7735.o(i.ST7735_DrawFastVLine), (124 bytes).
    Removing st7735.o(i.ST7735_InitB), (40 bytes).
    Removing st7735.o(i.ST7735_InvertDisplay), (22 bytes).
    Removing st7735.o(i.ST7735_OutUDec), (140 bytes).
    Removing st7735.o(i.ST7735_PlotBar), (88 bytes).
    Removing st7735.o(i.ST7735_PlotClear), (92 bytes).
    Removing st7735.o(i.ST7735_PlotLine), (264 bytes).
    Removing st7735.o(i.ST7735_PlotNext), (32 bytes).
    Removing st7735.o(i.ST7735_PlotNextErase), (64 bytes).
    Removing st7735.o(i.ST7735_PlotPoint), (152 bytes).
    Removing st7735.o(i.ST7735_PlotPoints), (172 bytes).
    Removing st7735.o(i.ST7735_PlotdBfs), (60 bytes).
    Removing st7735.o(i.ST7735_SetRotation), (212 bytes).
    Removing st7735.o(i.ST7735_SetTextColor), (12 bytes).
    Removing st7735.o(i.ST7735_SwapColor), (18 bytes).
    Removing st7735.o(i.ferror), (8 bytes).
    Removing st7735.o(i.fgetc), (6 bytes).
    Removing st7735.o(i.fillmessage), (72 bytes).
    Removing st7735.o(i.fputc), (16 bytes).
    Removing st7735.o(.bss), (12 bytes).

32 unused section(s) (total 2248 bytes) removed from the image.

==============================================================================

Image Symbol Table

    Local Symbols

    Symbol Name                              Value     Ov Type        Size  Object(Section)

    RESET                                    0x00000000   Section      644  startup.o(RESET)
    ../clib/angel/boardlib.s                 0x00000000   Number         0  boardinit2.o ABSOLUTE
    ../clib/angel/boardlib.s                 0x00000000   Number         0  boardinit1.o ABSOLUTE
    ../clib/angel/boardlib.s                 0x00000000   Number         0  boardinit3.o ABSOLUTE
    ../clib/angel/boardlib.s                 0x00000000   Number         0  boardshut.o ABSOLUTE
    ../clib/angel/dclz77c.s                  0x00000000   Number         0  __dclz77c.o ABSOLUTE
    ../clib/angel/handlers.s                 0x00000000   Number         0  __scatter_zi.o ABSOLUTE
    ../clib/angel/kernel.s                   0x00000000   Number         0  rtentry4.o ABSOLUTE
    ../clib/angel/kernel.s                   0x00000000   Number         0  rtentry2.o ABSOLUTE
    ../clib/angel/kernel.s                   0x00000000   Number         0  rtexit2.o ABSOLUTE
    ../clib/angel/kernel.s                   0x00000000   Number         0  rtexit.o ABSOLUTE
    ../clib/angel/kernel.s                   0x00000000   Number         0  rtentry.o ABSOLUTE
    ../clib/angel/rt.s                       0x00000000   Number         0  rt_raise.o ABSOLUTE
    ../clib/angel/rt.s                       0x00000000   Number         0  rt_errno_addr.o ABSOLUTE
    ../clib/angel/rt.s                       0x00000000   Number         0  rt_errno_addr_intlibspace.o ABSOLUTE
    ../clib/angel/scatter.s                  0x00000000   Number         0  __scatter.o ABSOLUTE
    ../clib/angel/startup.s                  0x00000000   Number         0  __main.o ABSOLUTE
    ../clib/angel/sys.s                      0x00000000   Number         0  use_no_semi.o ABSOLUTE
    ../clib/angel/sys.s                      0x00000000   Number         0  sys_stackheap_outer.o ABSOLUTE
    ../clib/angel/sys.s                      0x00000000   Number         0  indicate_semi.o ABSOLUTE
    ../clib/angel/sys.s                      0x00000000   Number         0  libspace.o ABSOLUTE
    ../clib/angel/sysapp.c                   0x00000000   Number         0  sys_command.o ABSOLUTE
    ../clib/angel/sysapp.c                   0x00000000   Number         0  sys_exit.o ABSOLUTE
    ../clib/angel/sysapp.c                   0x00000000   Number         0  sys_wrch.o ABSOLUTE
    ../clib/armsys.c                         0x00000000   Number         0  argv_veneer.o ABSOLUTE
    ../clib/armsys.c                         0x00000000   Number         0  argv_veneer.o ABSOLUTE
    ../clib/armsys.c                         0x00000000   Number         0  _get_argv_nomalloc.o ABSOLUTE
    ../clib/armsys.c                         0x00000000   Number         0  no_argv.o ABSOLUTE
    ../clib/fenv.c                           0x00000000   Number         0  _rserrno.o ABSOLUTE
    ../clib/heapalloc.c                      0x00000000   Number         0  hrguard.o ABSOLUTE
    ../clib/heapaux.c                        0x00000000   Number         0  heapauxi.o ABSOLUTE
    ../clib/libinit.s                        0x00000000   Number         0  libshutdown2.o ABSOLUTE
    ../clib/libinit.s                        0x00000000   Number         0  libinit2.o ABSOLUTE
    ../clib/libinit.s                        0x00000000   Number         0  libinit.o ABSOLUTE
    ../clib/libinit.s                        0x00000000   Number         0  libshutdown.o ABSOLUTE
    ../clib/signal.c                         0x00000000   Number         0  defsig_rtmem_outer.o ABSOLUTE
    ../clib/signal.c                         0x00000000   Number         0  defsig_other.o ABSOLUTE
    ../clib/signal.c                         0x00000000   Number         0  defsig_segv_inner.o ABSOLUTE
    ../clib/signal.c                         0x00000000   Number         0  defsig_cppl_inner.o ABSOLUTE
    ../clib/signal.c                         0x00000000   Number         0  defsig_pvfn_inner.o ABSOLUTE
    ../clib/signal.c                         0x00000000   Number         0  defsig_rtred_inner.o ABSOLUTE
    ../clib/signal.c                         0x00000000   Number         0  defsig_fpe_inner.o ABSOLUTE
    ../clib/signal.c                         0x00000000   Number         0  defsig_abrt_inner.o ABSOLUTE
    ../clib/signal.c                         0x00000000   Number         0  defsig_general.o ABSOLUTE
    ../clib/signal.c                         0x00000000   Number         0  __raise.o ABSOLUTE
    ../clib/signal.c                         0x00000000   Number         0  defsig_stak_inner.o ABSOLUTE
    ../clib/signal.c                         0x00000000   Number         0  defsig_rtmem_inner.o ABSOLUTE
    ../clib/signal.c                         0x00000000   Number         0  defsig_exit.o ABSOLUTE
    ../clib/signal.c                         0x00000000   Number         0  defsig_rtmem_formal.o ABSOLUTE
    ../clib/signal.s                         0x00000000   Number         0  defsig.o ABSOLUTE
    ../clib/stdlib.c                         0x00000000   Number         0  exit.o ABSOLUTE
    ../fplib/daddsub.s                       0x00000000   Number         0  daddsub_clz.o ABSOLUTE
    ../fplib/dcheck1.s                       0x00000000   Number         0  dcheck1.o ABSOLUTE
    ../fplib/dcmpi.s                         0x00000000   Number         0  dcmpi.o ABSOLUTE
    ../fplib/ddiv.s                          0x00000000   Number         0  ddiv.o ABSOLUTE
    ../fplib/dfix.s                          0x00000000   Number         0  dfix.o ABSOLUTE
    ../fplib/dflt.s                          0x00000000   Number         0  dflt_clz.o ABSOLUTE
    ../fplib/dleqf.s                         0x00000000   Number         0  dleqf.o ABSOLUTE
    ../fplib/dmul.s                          0x00000000   Number         0  dmul.o ABSOLUTE
    ../fplib/dnaninf.s                       0x00000000   Number         0  dnaninf.o ABSOLUTE
    ../fplib/dretinf.s                       0x00000000   Number         0  dretinf.o ABSOLUTE
    ../fplib/drleqf.s                        0x00000000   Number         0  drleqf.o ABSOLUTE
    ../fplib/dsqrt.s                         0x00000000   Number         0  dsqrt_umaal.o ABSOLUTE
    ../fplib/fpinit.s                        0x00000000   Number         0  fpinit.o ABSOLUTE
    ../fplib/retnan.s                        0x00000000   Number         0  retnan.o ABSOLUTE
    ../fplib/scalbn.s                        0x00000000   Number         0  scalbn.o ABSOLUTE
    ../fplib/trapv.s                         0x00000000   Number         0  trapv.o ABSOLUTE
    ../fplib/usenofp.s                       0x00000000   Number         0  usenofp.o ABSOLUTE
    ../mathlib/dunder.c                      0x00000000   Number         0  dunder.o ABSOLUTE
    ../mathlib/fpclassify.c                  0x00000000   Number         0  fpclassify.o ABSOLUTE
    ../mathlib/poly.c                        0x00000000   Number         0  poly.o ABSOLUTE
    ../mathlib/pow.c                         0x00000000   Number         0  pow.o ABSOLUTE
    ../mathlib/pow.c                         0x00000000   Number         0  pow_x.o ABSOLUTE
    ../mathlib/qnan.c                        0x00000000   Number         0  qnan.o ABSOLUTE
    ../mathlib/sqrt.c                        0x00000000   Number         0  sqrt.o ABSOLUTE
    ../mathlib/sqrt.c                        0x00000000   Number         0  sqrt_x.o ABSOLUTE
    ../mathlib/wrappers.c                    0x00000000   Number         0  powl.o ABSOLUTE
    ADC.c                                    0x00000000   Number         0  adc.o ABSOLUTE
    AlienAI.c                                0x00000000   Number         0  alienai.o ABSOLUTE
    Conversions.c                            0x00000000   Number         0  conversions.o ABSOLUTE
    DAC.c                                    0x00000000   Number         0  dac.o ABSOLUTE
    LCD.s                                    0x00000000   Number         0  lcd.o ABSOLUTE
    Print.s                                  0x00000000   Number         0  print.o ABSOLUTE
    ST7735.c                                 0x00000000   Number         0  st7735.o ABSOLUTE
    Sound.c                                  0x00000000   Number         0  sound.o ABSOLUTE
    SpaceInvaders.c                          0x00000000   Number         0  spaceinvaders.o ABSOLUTE
    TExaS.c                                  0x00000000   Number         0  texas.o ABSOLUTE
    Tileset.c                                0x00000000   Number         0  tileset.o ABSOLUTE
    Timers.c                                 0x00000000   Number         0  timers.o ABSOLUTE
    buttons.c                                0x00000000   Number         0  buttons.o ABSOLUTE
    dc.s                                     0x00000000   Number         0  dc.o ABSOLUTE
    levels.c                                 0x00000000   Number         0  levels.o ABSOLUTE
    movement.c                               0x00000000   Number         0  movement.o ABSOLUTE
    portInit.c                               0x00000000   Number         0  portinit.o ABSOLUTE
    random.s                                 0x00000000   Number         0  random.o ABSOLUTE
    startup.s                                0x00000000   Number         0  startup.o ABSOLUTE
    !!!main                                  0x00000284   Section        8  __main.o(!!!main)
    !!!scatter                               0x0000028c   Section       52  __scatter.o(!!!scatter)
    !!dclz77c                                0x000002c0   Section      100  __dclz77c.o(!!dclz77c)
    !!handler_zi                             0x00000324   Section       28  __scatter_zi.o(!!handler_zi)
    .ARM.Collect$$libinit$$00000000          0x00000340   Section        2  libinit.o(.ARM.Collect$$libinit$$00000000)
    .ARM.Collect$$libinit$$00000002          0x00000342   Section        0  libinit2.o(.ARM.Collect$$libinit$$00000002)
    .ARM.Collect$$libinit$$00000008          0x00000342   Section        0  libinit2.o(.ARM.Collect$$libinit$$00000008)
    .ARM.Collect$$libinit$$0000000A          0x00000342   Section        0  libinit2.o(.ARM.Collect$$libinit$$0000000A)
    .ARM.Collect$$libinit$$0000000C          0x00000342   Section        0  libinit2.o(.ARM.Collect$$libinit$$0000000C)
    .ARM.Collect$$libinit$$0000000F          0x00000342   Section        0  libinit2.o(.ARM.Collect$$libinit$$0000000F)
    .ARM.Collect$$libinit$$00000011          0x00000342   Section        0  libinit2.o(.ARM.Collect$$libinit$$00000011)
    .ARM.Collect$$libinit$$00000013          0x00000342   Section        0  libinit2.o(.ARM.Collect$$libinit$$00000013)
    .ARM.Collect$$libinit$$00000015          0x00000342   Section        0  libinit2.o(.ARM.Collect$$libinit$$00000015)
    .ARM.Collect$$libinit$$00000017          0x00000342   Section        0  libinit2.o(.ARM.Collect$$libinit$$00000017)
    .ARM.Collect$$libinit$$00000019          0x00000342   Section        0  libinit2.o(.ARM.Collect$$libinit$$00000019)
    .ARM.Collect$$libinit$$0000001B          0x00000342   Section        0  libinit2.o(.ARM.Collect$$libinit$$0000001B)
    .ARM.Collect$$libinit$$0000001D          0x00000342   Section        0  libinit2.o(.ARM.Collect$$libinit$$0000001D)
    .ARM.Collect$$libinit$$0000001F          0x00000342   Section        0  libinit2.o(.ARM.Collect$$libinit$$0000001F)
    .ARM.Collect$$libinit$$00000021          0x00000342   Section        0  libinit2.o(.ARM.Collect$$libinit$$00000021)
    .ARM.Collect$$libinit$$00000023          0x00000342   Section        0  libinit2.o(.ARM.Collect$$libinit$$00000023)
    .ARM.Collect$$libinit$$0000002A          0x00000342   Section        0  libinit2.o(.ARM.Collect$$libinit$$0000002A)
    .ARM.Collect$$libinit$$0000002C          0x00000342   Section        0  libinit2.o(.ARM.Collect$$libinit$$0000002C)
    .ARM.Collect$$libinit$$0000002E          0x00000342   Section        0  libinit2.o(.ARM.Collect$$libinit$$0000002E)
    .ARM.Collect$$libinit$$00000030          0x00000342   Section        0  libinit2.o(.ARM.Collect$$libinit$$00000030)
    .ARM.Collect$$libinit$$00000031          0x00000342   Section        2  libinit2.o(.ARM.Collect$$libinit$$00000031)
    .ARM.Collect$$libshutdown$$00000000      0x00000344   Section        2  libshutdown.o(.ARM.Collect$$libshutdown$$00000000)
    .ARM.Collect$$libshutdown$$00000003      0x00000346   Section        0  libshutdown2.o(.ARM.Collect$$libshutdown$$00000003)
    .ARM.Collect$$libshutdown$$00000006      0x00000346   Section        0  libshutdown2.o(.ARM.Collect$$libshutdown$$00000006)
    .ARM.Collect$$libshutdown$$00000009      0x00000346   Section        0  libshutdown2.o(.ARM.Collect$$libshutdown$$00000009)
    .ARM.Collect$$libshutdown$$0000000B      0x00000346   Section        0  libshutdown2.o(.ARM.Collect$$libshutdown$$0000000B)
    .ARM.Collect$$libshutdown$$0000000E      0x00000346   Section        0  libshutdown2.o(.ARM.Collect$$libshutdown$$0000000E)
    .ARM.Collect$$libshutdown$$0000000F      0x00000346   Section        2  libshutdown2.o(.ARM.Collect$$libshutdown$$0000000F)
    .ARM.Collect$$rtentry$$00000000          0x00000348   Section        0  rtentry.o(.ARM.Collect$$rtentry$$00000000)
    .ARM.Collect$$rtentry$$00000002          0x00000348   Section        0  rtentry2.o(.ARM.Collect$$rtentry$$00000002)
    .ARM.Collect$$rtentry$$00000004          0x00000348   Section        6  rtentry4.o(.ARM.Collect$$rtentry$$00000004)
    .ARM.Collect$$rtentry$$00000009          0x0000034e   Section        0  rtentry2.o(.ARM.Collect$$rtentry$$00000009)
    .ARM.Collect$$rtentry$$0000000A          0x0000034e   Section        4  rtentry2.o(.ARM.Collect$$rtentry$$0000000A)
    .ARM.Collect$$rtentry$$0000000C          0x00000352   Section        0  rtentry2.o(.ARM.Collect$$rtentry$$0000000C)
    .ARM.Collect$$rtentry$$0000000D          0x00000352   Section        8  rtentry2.o(.ARM.Collect$$rtentry$$0000000D)
    .ARM.Collect$$rtexit$$00000000           0x0000035a   Section        2  rtexit.o(.ARM.Collect$$rtexit$$00000000)
    .ARM.Collect$$rtexit$$00000002           0x0000035c   Section        0  rtexit2.o(.ARM.Collect$$rtexit$$00000002)
    .ARM.Collect$$rtexit$$00000003           0x0000035c   Section        4  rtexit2.o(.ARM.Collect$$rtexit$$00000003)
    .ARM.Collect$$rtexit$$00000004           0x00000360   Section        6  rtexit2.o(.ARM.Collect$$rtexit$$00000004)
    .text                                    0x00000368   Section       48  startup.o(.text)
    .text                                    0x00000398   Section      112  lcd.o(.text)
    .text                                    0x00000408   Section      372  print.o(.text)
    .text                                    0x0000057c   Section        0  texas.o(.text)
    .text                                    0x00000a1c   Section        0  heapauxi.o(.text)
    .text                                    0x00000a22   Section        0  _rserrno.o(.text)
    .text                                    0x00000a38   Section       74  sys_stackheap_outer.o(.text)
    .text                                    0x00000a84   Section        8  rt_errno_addr_intlibspace.o(.text)
    .text                                    0x00000a8c   Section        0  exit.o(.text)
    .text                                    0x00000a98   Section        8  libspace.o(.text)
    .text                                    0x00000aa0   Section        0  sys_exit.o(.text)
    .text                                    0x00000aac   Section        2  use_no_semi.o(.text)
    .text                                    0x00000aae   Section        0  indicate_semi.o(.text)
    i.ADC_In                                 0x00000ab0   Section        0  adc.o(i.ADC_In)
    i.ADC_Init                               0x00000adc   Section        0  adc.o(i.ADC_Init)
    i.AIMoveX                                0x00000bc4   Section        0  alienai.o(i.AIMoveX)
    i.AIMoveY                                0x00000d5c   Section        0  alienai.o(i.AIMoveY)
    i.Delay1ms                               0x00000e34   Section        0  st7735.o(i.Delay1ms)
    i.ST7735_DrawBitmap                      0x00000e54   Section        0  st7735.o(i.ST7735_DrawBitmap)
    i.ST7735_DrawCharS                       0x00000f74   Section        0  st7735.o(i.ST7735_DrawCharS)
    i.ST7735_DrawPixel                       0x00001068   Section        0  st7735.o(i.ST7735_DrawPixel)
    i.ST7735_DrawString                      0x000010b0   Section        0  st7735.o(i.ST7735_DrawString)
    i.ST7735_FillRect                        0x00001108   Section        0  st7735.o(i.ST7735_FillRect)
    i.ST7735_FillScreen                      0x000011b4   Section        0  st7735.o(i.ST7735_FillScreen)
    i.ST7735_InitR                           0x000011d8   Section        0  st7735.o(i.ST7735_InitR)
    i.ST7735_OutChar                         0x00001254   Section        0  st7735.o(i.ST7735_OutChar)
    i.ST7735_OutString                       0x00001328   Section        0  st7735.o(i.ST7735_OutString)
    i.ST7735_SetCursor                       0x00001340   Section        0  st7735.o(i.ST7735_SetCursor)
    i.SysTick_Handler                        0x00001360   Section        0  spaceinvaders.o(i.SysTick_Handler)
    i.Timer0A_Handler                        0x00001368   Section        0  spaceinvaders.o(i.Timer0A_Handler)
    i.Timer1A_Handler                        0x000015b4   Section        0  spaceinvaders.o(i.Timer1A_Handler)
    i.Timer2A_Handler                        0x000015c8   Section        0  spaceinvaders.o(i.Timer2A_Handler)
    i.Timer3A_Handler                        0x000015dc   Section        0  spaceinvaders.o(i.Timer3A_Handler)
    i.__ARM_fpclassify                       0x000015f0   Section        0  fpclassify.o(i.__ARM_fpclassify)
    i.__kernel_poly                          0x00001618   Section        0  poly.o(i.__kernel_poly)
    i.__mathlib_dbl_underflow                0x000016c4   Section        0  dunder.o(i.__mathlib_dbl_underflow)
    i.boxDel                                 0x000016d4   Section        0  spaceinvaders.o(i.boxDel)
    i.boxNew                                 0x000017b0   Section        0  spaceinvaders.o(i.boxNew)
    i.buttonChangeOutput                     0x00001804   Section        0  buttons.o(i.buttonChangeOutput)
    i.buttonInit                             0x00001afc   Section        0  buttons.o(i.buttonInit)
    i.buttonTest                             0x00001c58   Section        0  buttons.o(i.buttonTest)
    i.buttonTestEntity                       0x00001cf8   Section        0  buttons.o(i.buttonTestEntity)
    i.commandList                            0x00001e10   Section        0  st7735.o(i.commandList)
    commandList                              0x00001e11   Thumb Code    86  st7735.o(i.commandList)
    i.commonInit                             0x00001e68   Section        0  st7735.o(i.commonInit)
    commonInit                               0x00001e69   Thumb Code   340  st7735.o(i.commonInit)
    i.coordConvert                           0x00001fec   Section        0  conversions.o(i.coordConvert)
    i.detect                                 0x00002004   Section        0  spaceinvaders.o(i.detect)
    i.entDisplay                             0x000021fc   Section        0  movement.o(i.entDisplay)
    i.entityConvert                          0x000023a4   Section        0  conversions.o(i.entityConvert)
    i.gravConvert                            0x000023c8   Section        0  conversions.o(i.gravConvert)
    i.groundCheck                            0x00002420   Section        0  movement.o(i.groundCheck)
    i.magCheck                               0x00002678   Section        0  movement.o(i.magCheck)
    i.main                                   0x00002794   Section        0  spaceinvaders.o(i.main)
    i.newLevel                               0x000028a8   Section        0  spaceinvaders.o(i.newLevel)
    i.noteConvert                            0x00002cbc   Section        0  sound.o(i.noteConvert)
    i.playerMove                             0x00002d34   Section        0  movement.o(i.playerMove)
    i.portBInit                              0x00002d58   Section        0  portinit.o(i.portBInit)
    i.portDInit                              0x00002dc4   Section        0  portinit.o(i.portDInit)
    i.posUpdate                              0x00002e4c   Section        0  movement.o(i.posUpdate)
    i.pow                                    0x0000313c   Section        0  pow.o(i.pow)
    i.powl                                   0x00003b1c   Section        0  powl.o(i.powl)
    i.pushColor                              0x00003b20   Section        0  st7735.o(i.pushColor)
    pushColor                                0x00003b21   Thumb Code    18  st7735.o(i.pushColor)
    i.setAddrWindow                          0x00003b34   Section        0  st7735.o(i.setAddrWindow)
    setAddrWindow                            0x00003b35   Thumb Code   106  st7735.o(i.setAddrWindow)
    i.setSysTick                             0x00003ba8   Section        0  sound.o(i.setSysTick)
    i.sound1                                 0x00003bc0   Section        0  sound.o(i.sound1)
    i.sound1Set                              0x00003c34   Section        0  sound.o(i.sound1Set)
    i.sound2                                 0x00003cc8   Section        0  sound.o(i.sound2)
    i.sound2Set                              0x00003d3c   Section        0  sound.o(i.sound2Set)
    i.sound3                                 0x00003dd0   Section        0  sound.o(i.sound3)
    i.soundTick                              0x00003e1c   Section        0  sound.o(i.soundTick)
    i.sqrt                                   0x00003e6c   Section        0  sqrt.o(i.sqrt)
    i.timerInit                              0x00003eb8   Section        0  timers.o(i.timerInit)
    i.wallCheck                              0x00003fe0   Section        0  movement.o(i.wallCheck)
    x$fpl$dadd                               0x00004220   Section      336  daddsub_clz.o(x$fpl$dadd)
    _dadd1                                   0x00004231   Thumb Code     0  daddsub_clz.o(x$fpl$dadd)
    x$fpl$dcheck1                            0x00004370   Section       16  dcheck1.o(x$fpl$dcheck1)
    x$fpl$dcmpinf                            0x00004380   Section       24  dcmpi.o(x$fpl$dcmpinf)
    x$fpl$ddiv                               0x00004398   Section      688  ddiv.o(x$fpl$ddiv)
    ddiv_entry                               0x0000439f   Thumb Code     0  ddiv.o(x$fpl$ddiv)
    x$fpl$dfix                               0x00004648   Section       94  dfix.o(x$fpl$dfix)
    x$fpl$dflt                               0x000046a6   Section       46  dflt_clz.o(x$fpl$dflt)
    x$fpl$dleqf                              0x000046d4   Section      120  dleqf.o(x$fpl$dleqf)
    x$fpl$dmul                               0x0000474c   Section      340  dmul.o(x$fpl$dmul)
    x$fpl$dnaninf                            0x000048a0   Section      156  dnaninf.o(x$fpl$dnaninf)
    x$fpl$dretinf                            0x0000493c   Section       12  dretinf.o(x$fpl$dretinf)
    x$fpl$drleqf                             0x00004948   Section      108  drleqf.o(x$fpl$drleqf)
    x$fpl$drsb                               0x000049b4   Section       22  daddsub_clz.o(x$fpl$drsb)
    x$fpl$dsqrt                              0x000049cc   Section      408  dsqrt_umaal.o(x$fpl$dsqrt)
    x$fpl$dsub                               0x00004b64   Section      468  daddsub_clz.o(x$fpl$dsub)
    _dsub1                                   0x00004b75   Thumb Code     0  daddsub_clz.o(x$fpl$dsub)
    x$fpl$retnan                             0x00004d38   Section      100  retnan.o(x$fpl$retnan)
    x$fpl$scalbn                             0x00004d9c   Section       92  scalbn.o(x$fpl$scalbn)
    x$fpl$trapveneer                         0x00004df8   Section       48  trapv.o(x$fpl$trapveneer)
    .constdata                               0x00004e28   Section       88  sound.o(.constdata)
    x$fpl$usenofp                            0x00004e28   Section        0  usenofp.o(x$fpl$usenofp)
    .constdata                               0x00004e80   Section     2018  st7735.o(.constdata)
    Font                                     0x00004e80   Data        1275  st7735.o(.constdata)
    Bcmd                                     0x0000537b   Data         103  st7735.o(.constdata)
    Rcmd1                                    0x000053e2   Data          59  st7735.o(.constdata)
    Rcmd2green                               0x0000541d   Data          13  st7735.o(.constdata)
    Rcmd2red                                 0x0000542a   Data          13  st7735.o(.constdata)
    Rcmd3                                    0x00005437   Data          43  st7735.o(.constdata)
    .constdata                               0x00005662   Section    44036  tileset.o(.constdata)
    .constdata                               0x00010266   Section      240  texas.o(.constdata)
    .constdata                               0x00010358   Section      136  pow.o(.constdata)
    bp                                       0x00010358   Data          16  pow.o(.constdata)
    dp_h                                     0x00010368   Data          16  pow.o(.constdata)
    dp_l                                     0x00010378   Data          16  pow.o(.constdata)
    L                                        0x00010388   Data          48  pow.o(.constdata)
    P                                        0x000103b8   Data          40  pow.o(.constdata)
    .constdata                               0x000103e0   Section        8  qnan.o(.constdata)
    .data                                    0x20000000   Section      182  sound.o(.data)
    .data                                    0x200000b8   Section       24  spaceinvaders.o(.data)
    dead                                     0x200000c4   Data           4  spaceinvaders.o(.data)
    .data                                    0x200000d0   Section       44  st7735.o(.data)
    _width                                   0x200000da   Data           2  st7735.o(.data)
    _height                                  0x200000dc   Data           2  st7735.o(.data)
    ColStart                                 0x200000e4   Data           1  st7735.o(.data)
    RowStart                                 0x200000e5   Data           1  st7735.o(.data)
    Rotation                                 0x200000e6   Data           1  st7735.o(.data)
    TabColor                                 0x200000e7   Data           1  st7735.o(.data)
    .data                                    0x200000fc   Section       16  conversions.o(.data)
    r                                        0x200000fc   Data           8  conversions.o(.data)
    r                                        0x20000104   Data           8  conversions.o(.data)
    .data                                    0x2000010c   Section        4  movement.o(.data)
    .data                                    0x20000110   Section     2240  levels.o(.data)
    .data                                    0x200009d0   Section       28  alienai.o(.data)
    .data                                    0x200009ec   Section       48  texas.o(.data)
    .bss                                     0x20000a1c   Section      112  spaceinvaders.o(.bss)
    .bss                                     0x20000a8c   Section       20  movement.o(.bss)
    r                                        0x20000a8c   Data          20  movement.o(.bss)
    .bss                                     0x20000aa0   Section      392  buttons.o(.bss)
    .bss                                     0x20000c28   Section       56  texas.o(.bss)
    .bss                                     0x20000c60   Section       96  libspace.o(.bss)
    HEAP                                     0x20000cc0   Section        0  startup.o(HEAP)
    STACK                                    0x20000cc0   Section     1024  startup.o(STACK)
    HeapMem                                  0x20000cc0   Data           0  startup.o(HEAP)
    StackMem                                 0x20000cc0   Data           0  startup.o(STACK)

    Global Symbols

    Symbol Name                              Value     Ov Type        Size  Object(Section)

    BuildAttributes$$THM_ISAv4$E$P$D$K$B$S$7EM$PE$A:L22UL41UL21$X:L11$S22US41US21$IEEE1$IW$USESV6$~STKCKD$USESV7$~SHL$OTIME$ROPI$IEEEX$EBA8$UX$STANDARDLIB$REQ8$PRES8$EABIv2 0x00000000   Number         0  anon$$obj.o ABSOLUTE
    __ARM_use_no_argv                        0x00000000   Number         0  spaceinvaders.o ABSOLUTE
    __Vectors                                0x00000000   Data           0  startup.o(RESET)
    __ARM_exceptions_init                     - Undefined Weak Reference
    __alloca_initialize                       - Undefined Weak Reference
    __cpp_initialize__aeabi_                  - Undefined Weak Reference
    __cxa_finalize                            - Undefined Weak Reference
    __rt_locale                               - Undefined Weak Reference
    __sigvec_lookup                           - Undefined Weak Reference
    _atexit_init                              - Undefined Weak Reference
    _call_atexit_fns                          - Undefined Weak Reference
    _clock_init                               - Undefined Weak Reference
    _fp_trap_init                             - Undefined Weak Reference
    _fp_trap_shutdown                         - Undefined Weak Reference
    _get_lc_collate                           - Undefined Weak Reference
    _get_lc_ctype                             - Undefined Weak Reference
    _get_lc_monetary                          - Undefined Weak Reference
    _get_lc_numeric                           - Undefined Weak Reference
    _get_lc_time                              - Undefined Weak Reference
    _getenv_init                              - Undefined Weak Reference
    _handle_redirection                       - Undefined Weak Reference
    _init_alloc                               - Undefined Weak Reference
    _init_user_alloc                          - Undefined Weak Reference
    _initio                                   - Undefined Weak Reference
    _rand_init                                - Undefined Weak Reference
    _signal_finish                            - Undefined Weak Reference
    _signal_init                              - Undefined Weak Reference
    _terminate_alloc                          - Undefined Weak Reference
    _terminate_user_alloc                     - Undefined Weak Reference
    _terminateio                              - Undefined Weak Reference
    Reset_Handler                            0x0000026d   Thumb Code     0  startup.o(RESET)
    NMI_Handler                              0x00000271   Thumb Code     2  startup.o(RESET)
    HardFault_Handler                        0x00000273   Thumb Code     2  startup.o(RESET)
    MemManage_Handler                        0x00000275   Thumb Code     2  startup.o(RESET)
    BusFault_Handler                         0x00000277   Thumb Code     2  startup.o(RESET)
    UsageFault_Handler                       0x00000279   Thumb Code     2  startup.o(RESET)
    SVC_Handler                              0x0000027b   Thumb Code     2  startup.o(RESET)
    DebugMon_Handler                         0x0000027d   Thumb Code     2  startup.o(RESET)
    PendSV_Handler                           0x0000027f   Thumb Code     2  startup.o(RESET)
    ADC0Seq0_Handler                         0x00000283   Thumb Code     0  startup.o(RESET)
    ADC0Seq1_Handler                         0x00000283   Thumb Code     0  startup.o(RESET)
    ADC0Seq2_Handler                         0x00000283   Thumb Code     0  startup.o(RESET)
    ADC0Seq3_Handler                         0x00000283   Thumb Code     0  startup.o(RESET)
    ADC1Seq0_Handler                         0x00000283   Thumb Code     0  startup.o(RESET)
    ADC1Seq1_Handler                         0x00000283   Thumb Code     0  startup.o(RESET)
    ADC1Seq2_Handler                         0x00000283   Thumb Code     0  startup.o(RESET)
    ADC1Seq3_Handler                         0x00000283   Thumb Code     0  startup.o(RESET)
    CAN0_Handler                             0x00000283   Thumb Code     0  startup.o(RESET)
    CAN1_Handler                             0x00000283   Thumb Code     0  startup.o(RESET)
    CAN2_Handler                             0x00000283   Thumb Code     0  startup.o(RESET)
    Comp0_Handler                            0x00000283   Thumb Code     0  startup.o(RESET)
    Comp1_Handler                            0x00000283   Thumb Code     0  startup.o(RESET)
    Comp2_Handler                            0x00000283   Thumb Code     0  startup.o(RESET)
    Ethernet_Handler                         0x00000283   Thumb Code     0  startup.o(RESET)
    ExtBus_Handler                           0x00000283   Thumb Code     0  startup.o(RESET)
    FPU_Handler                              0x00000283   Thumb Code     0  startup.o(RESET)
    Fan0_Handler                             0x00000283   Thumb Code     0  startup.o(RESET)
    FlashCtl_Handler                         0x00000283   Thumb Code     0  startup.o(RESET)
    GPIOPortA_Handler                        0x00000283   Thumb Code     0  startup.o(RESET)
    GPIOPortB_Handler                        0x00000283   Thumb Code     0  startup.o(RESET)
    GPIOPortC_Handler                        0x00000283   Thumb Code     0  startup.o(RESET)
    GPIOPortD_Handler                        0x00000283   Thumb Code     0  startup.o(RESET)
    GPIOPortE_Handler                        0x00000283   Thumb Code     0  startup.o(RESET)
    GPIOPortF_Handler                        0x00000283   Thumb Code     0  startup.o(RESET)
    GPIOPortG_Handler                        0x00000283   Thumb Code     0  startup.o(RESET)
    GPIOPortH_Handler                        0x00000283   Thumb Code     0  startup.o(RESET)
    GPIOPortJ_Handler                        0x00000283   Thumb Code     0  startup.o(RESET)
    GPIOPortK_Handler                        0x00000283   Thumb Code     0  startup.o(RESET)
    GPIOPortL_Handler                        0x00000283   Thumb Code     0  startup.o(RESET)
    GPIOPortM_Handler                        0x00000283   Thumb Code     0  startup.o(RESET)
    GPIOPortN_Handler                        0x00000283   Thumb Code     0  startup.o(RESET)
    GPIOPortP1_Handler                       0x00000283   Thumb Code     0  startup.o(RESET)
    GPIOPortP2_Handler                       0x00000283   Thumb Code     0  startup.o(RESET)
    GPIOPortP3_Handler                       0x00000283   Thumb Code     0  startup.o(RESET)
    GPIOPortP4_Handler                       0x00000283   Thumb Code     0  startup.o(RESET)
    GPIOPortP5_Handler                       0x00000283   Thumb Code     0  startup.o(RESET)
    GPIOPortP6_Handler                       0x00000283   Thumb Code     0  startup.o(RESET)
    GPIOPortP7_Handler                       0x00000283   Thumb Code     0  startup.o(RESET)
    GPIOPortP_Handler                        0x00000283   Thumb Code     0  startup.o(RESET)
    GPIOPortQ1_Handler                       0x00000283   Thumb Code     0  startup.o(RESET)
    GPIOPortQ2_Handler                       0x00000283   Thumb Code     0  startup.o(RESET)
    GPIOPortQ3_Handler                       0x00000283   Thumb Code     0  startup.o(RESET)
    GPIOPortQ4_Handler                       0x00000283   Thumb Code     0  startup.o(RESET)
    GPIOPortQ5_Handler                       0x00000283   Thumb Code     0  startup.o(RESET)
    GPIOPortQ6_Handler                       0x00000283   Thumb Code     0  startup.o(RESET)
    GPIOPortQ7_Handler                       0x00000283   Thumb Code     0  startup.o(RESET)
    GPIOPortQ_Handler                        0x00000283   Thumb Code     0  startup.o(RESET)
    GPIOPortR_Handler                        0x00000283   Thumb Code     0  startup.o(RESET)
    GPIOPortS_Handler                        0x00000283   Thumb Code     0  startup.o(RESET)
    Hibernate_Handler                        0x00000283   Thumb Code     0  startup.o(RESET)
    I2C0_Handler                             0x00000283   Thumb Code     0  startup.o(RESET)
    I2C1_Handler                             0x00000283   Thumb Code     0  startup.o(RESET)
    I2C2_Handler                             0x00000283   Thumb Code     0  startup.o(RESET)
    I2C3_Handler                             0x00000283   Thumb Code     0  startup.o(RESET)
    I2C4_Handler                             0x00000283   Thumb Code     0  startup.o(RESET)
    I2C5_Handler                             0x00000283   Thumb Code     0  startup.o(RESET)
    I2S0_Handler                             0x00000283   Thumb Code     0  startup.o(RESET)
    LPC0_Handler                             0x00000283   Thumb Code     0  startup.o(RESET)
    PECI0_Handler                            0x00000283   Thumb Code     0  startup.o(RESET)
    PWM0Fault_Handler                        0x00000283   Thumb Code     0  startup.o(RESET)
    PWM0Generator0_Handler                   0x00000283   Thumb Code     0  startup.o(RESET)
    PWM0Generator1_Handler                   0x00000283   Thumb Code     0  startup.o(RESET)
    PWM0Generator2_Handler                   0x00000283   Thumb Code     0  startup.o(RESET)
    PWM0Generator3_Handler                   0x00000283   Thumb Code     0  startup.o(RESET)
    PWM1Fault_Handler                        0x00000283   Thumb Code     0  startup.o(RESET)
    PWM1Generator0_Handler                   0x00000283   Thumb Code     0  startup.o(RESET)
    PWM1Generator1_Handler                   0x00000283   Thumb Code     0  startup.o(RESET)
    PWM1Generator2_Handler                   0x00000283   Thumb Code     0  startup.o(RESET)
    PWM1Generator3_Handler                   0x00000283   Thumb Code     0  startup.o(RESET)
    Quadrature0_Handler                      0x00000283   Thumb Code     0  startup.o(RESET)
    Quadrature1_Handler                      0x00000283   Thumb Code     0  startup.o(RESET)
    Quadrature2_Handler                      0x00000283   Thumb Code     0  startup.o(RESET)
    SSI0_Handler                             0x00000283   Thumb Code     0  startup.o(RESET)
    SSI1_Handler                             0x00000283   Thumb Code     0  startup.o(RESET)
    SSI2_Handler                             0x00000283   Thumb Code     0  startup.o(RESET)
    SSI3_Handler                             0x00000283   Thumb Code     0  startup.o(RESET)
    SysCtl_Handler                           0x00000283   Thumb Code     0  startup.o(RESET)
    Timer0B_Handler                          0x00000283   Thumb Code     0  startup.o(RESET)
    Timer1B_Handler                          0x00000283   Thumb Code     0  startup.o(RESET)
    Timer2B_Handler                          0x00000283   Thumb Code     0  startup.o(RESET)
    Timer3B_Handler                          0x00000283   Thumb Code     0  startup.o(RESET)
    Timer4B_Handler                          0x00000283   Thumb Code     0  startup.o(RESET)
    Timer5B_Handler                          0x00000283   Thumb Code     0  startup.o(RESET)
    UART0_Handler                            0x00000283   Thumb Code     0  startup.o(RESET)
    UART1_Handler                            0x00000283   Thumb Code     0  startup.o(RESET)
    UART2_Handler                            0x00000283   Thumb Code     0  startup.o(RESET)
    UART3_Handler                            0x00000283   Thumb Code     0  startup.o(RESET)
    UART4_Handler                            0x00000283   Thumb Code     0  startup.o(RESET)
    UART5_Handler                            0x00000283   Thumb Code     0  startup.o(RESET)
    UART6_Handler                            0x00000283   Thumb Code     0  startup.o(RESET)
    UART7_Handler                            0x00000283   Thumb Code     0  startup.o(RESET)
    USB0_Handler                             0x00000283   Thumb Code     0  startup.o(RESET)
    WDT_Handler                              0x00000283   Thumb Code     0  startup.o(RESET)
    WideTimer0A_Handler                      0x00000283   Thumb Code     0  startup.o(RESET)
    WideTimer0B_Handler                      0x00000283   Thumb Code     0  startup.o(RESET)
    WideTimer1A_Handler                      0x00000283   Thumb Code     0  startup.o(RESET)
    WideTimer1B_Handler                      0x00000283   Thumb Code     0  startup.o(RESET)
    WideTimer2A_Handler                      0x00000283   Thumb Code     0  startup.o(RESET)
    WideTimer2B_Handler                      0x00000283   Thumb Code     0  startup.o(RESET)
    WideTimer3A_Handler                      0x00000283   Thumb Code     0  startup.o(RESET)
    WideTimer3B_Handler                      0x00000283   Thumb Code     0  startup.o(RESET)
    WideTimer4A_Handler                      0x00000283   Thumb Code     0  startup.o(RESET)
    WideTimer4B_Handler                      0x00000283   Thumb Code     0  startup.o(RESET)
    WideTimer5A_Handler                      0x00000283   Thumb Code     0  startup.o(RESET)
    WideTimer5B_Handler                      0x00000283   Thumb Code     0  startup.o(RESET)
    uDMA_Error                               0x00000283   Thumb Code     0  startup.o(RESET)
    uDMA_Handler                             0x00000283   Thumb Code     0  startup.o(RESET)
    __main                                   0x00000285   Thumb Code     8  __main.o(!!!main)
    __scatterload                            0x0000028d   Thumb Code     0  __scatter.o(!!!scatter)
    __scatterload_rt2                        0x0000028d   Thumb Code    44  __scatter.o(!!!scatter)
    __scatterload_rt2_thumb_only             0x0000028d   Thumb Code     0  __scatter.o(!!!scatter)
    __scatterload_null                       0x0000029b   Thumb Code     0  __scatter.o(!!!scatter)
    __decompress                             0x000002c1   Thumb Code   100  __dclz77c.o(!!dclz77c)
    __decompress2                            0x000002c1   Thumb Code     0  __dclz77c.o(!!dclz77c)
    __scatterload_zeroinit                   0x00000325   Thumb Code    28  __scatter_zi.o(!!handler_zi)
    __rt_lib_init                            0x00000341   Thumb Code     0  libinit.o(.ARM.Collect$$libinit$$00000000)
    __rt_lib_init_alloca_1                   0x00000343   Thumb Code     0  libinit2.o(.ARM.Collect$$libinit$$0000002C)
    __rt_lib_init_argv_1                     0x00000343   Thumb Code     0  libinit2.o(.ARM.Collect$$libinit$$0000002A)
    __rt_lib_init_atexit_1                   0x00000343   Thumb Code     0  libinit2.o(.ARM.Collect$$libinit$$00000019)
    __rt_lib_init_clock_1                    0x00000343   Thumb Code     0  libinit2.o(.ARM.Collect$$libinit$$0000001F)
    __rt_lib_init_cpp_1                      0x00000343   Thumb Code     0  libinit2.o(.ARM.Collect$$libinit$$00000030)
    __rt_lib_init_exceptions_1               0x00000343   Thumb Code     0  libinit2.o(.ARM.Collect$$libinit$$0000002E)
    __rt_lib_init_fp_1                       0x00000343   Thumb Code     0  libinit2.o(.ARM.Collect$$libinit$$00000002)
    __rt_lib_init_fp_trap_1                  0x00000343   Thumb Code     0  libinit2.o(.ARM.Collect$$libinit$$0000001D)
    __rt_lib_init_getenv_1                   0x00000343   Thumb Code     0  libinit2.o(.ARM.Collect$$libinit$$00000021)
    __rt_lib_init_heap_1                     0x00000343   Thumb Code     0  libinit2.o(.ARM.Collect$$libinit$$00000008)
    __rt_lib_init_lc_collate_1               0x00000343   Thumb Code     0  libinit2.o(.ARM.Collect$$libinit$$0000000F)
    __rt_lib_init_lc_ctype_1                 0x00000343   Thumb Code     0  libinit2.o(.ARM.Collect$$libinit$$00000011)
    __rt_lib_init_lc_monetary_1              0x00000343   Thumb Code     0  libinit2.o(.ARM.Collect$$libinit$$00000013)
    __rt_lib_init_lc_numeric_1               0x00000343   Thumb Code     0  libinit2.o(.ARM.Collect$$libinit$$00000015)
    __rt_lib_init_lc_time_1                  0x00000343   Thumb Code     0  libinit2.o(.ARM.Collect$$libinit$$00000017)
    __rt_lib_init_rand_1                     0x00000343   Thumb Code     0  libinit2.o(.ARM.Collect$$libinit$$0000000C)
    __rt_lib_init_return                     0x00000343   Thumb Code     0  libinit2.o(.ARM.Collect$$libinit$$00000031)
    __rt_lib_init_signal_1                   0x00000343   Thumb Code     0  libinit2.o(.ARM.Collect$$libinit$$0000001B)
    __rt_lib_init_stdio_1                    0x00000343   Thumb Code     0  libinit2.o(.ARM.Collect$$libinit$$00000023)
    __rt_lib_init_user_alloc_1               0x00000343   Thumb Code     0  libinit2.o(.ARM.Collect$$libinit$$0000000A)
    __rt_lib_shutdown                        0x00000345   Thumb Code     0  libshutdown.o(.ARM.Collect$$libshutdown$$00000000)
    __rt_lib_shutdown_fp_trap_1              0x00000347   Thumb Code     0  libshutdown2.o(.ARM.Collect$$libshutdown$$00000006)
    __rt_lib_shutdown_heap_1                 0x00000347   Thumb Code     0  libshutdown2.o(.ARM.Collect$$libshutdown$$0000000E)
    __rt_lib_shutdown_return                 0x00000347   Thumb Code     0  libshutdown2.o(.ARM.Collect$$libshutdown$$0000000F)
    __rt_lib_shutdown_signal_1               0x00000347   Thumb Code     0  libshutdown2.o(.ARM.Collect$$libshutdown$$00000009)
    __rt_lib_shutdown_stdio_1                0x00000347   Thumb Code     0  libshutdown2.o(.ARM.Collect$$libshutdown$$00000003)
    __rt_lib_shutdown_user_alloc_1           0x00000347   Thumb Code     0  libshutdown2.o(.ARM.Collect$$libshutdown$$0000000B)
    __rt_entry                               0x00000349   Thumb Code     0  rtentry.o(.ARM.Collect$$rtentry$$00000000)
    __rt_entry_presh_1                       0x00000349   Thumb Code     0  rtentry2.o(.ARM.Collect$$rtentry$$00000002)
    __rt_entry_sh                            0x00000349   Thumb Code     0  rtentry4.o(.ARM.Collect$$rtentry$$00000004)
    __rt_entry_li                            0x0000034f   Thumb Code     0  rtentry2.o(.ARM.Collect$$rtentry$$0000000A)
    __rt_entry_postsh_1                      0x0000034f   Thumb Code     0  rtentry2.o(.ARM.Collect$$rtentry$$00000009)
    __rt_entry_main                          0x00000353   Thumb Code     0  rtentry2.o(.ARM.Collect$$rtentry$$0000000D)
    __rt_entry_postli_1                      0x00000353   Thumb Code     0  rtentry2.o(.ARM.Collect$$rtentry$$0000000C)
    __rt_exit                                0x0000035b   Thumb Code     0  rtexit.o(.ARM.Collect$$rtexit$$00000000)
    __rt_exit_ls                             0x0000035d   Thumb Code     0  rtexit2.o(.ARM.Collect$$rtexit$$00000003)
    __rt_exit_prels_1                        0x0000035d   Thumb Code     0  rtexit2.o(.ARM.Collect$$rtexit$$00000002)
    __rt_exit_exit                           0x00000361   Thumb Code     0  rtexit2.o(.ARM.Collect$$rtexit$$00000004)
    DisableInterrupts                        0x00000369   Thumb Code     0  startup.o(.text)
    EnableInterrupts                         0x0000036d   Thumb Code     0  startup.o(.text)
    StartCritical                            0x00000371   Thumb Code     0  startup.o(.text)
    EndCritical                              0x00000379   Thumb Code     0  startup.o(.text)
    WaitForInterrupt                         0x0000037f   Thumb Code     0  startup.o(.text)
    __user_initial_stackheap                 0x00000383   Thumb Code     0  startup.o(.text)
    writecommand                             0x00000399   Thumb Code     0  lcd.o(.text)
    writedata                                0x000003d1   Thumb Code     0  lcd.o(.text)
    LCD_OutDec                               0x00000409   Thumb Code     0  print.o(.text)
    LCD_OutFix                               0x000004c9   Thumb Code     0  print.o(.text)
    ADC1_Init                                0x0000057d   Thumb Code   170  texas.o(.text)
    SetCode                                  0x00000627   Thumb Code    20  texas.o(.text)
    UART0_Init                               0x0000063b   Thumb Code   162  texas.o(.text)
    SetCourse                                0x000006dd   Thumb Code    22  texas.o(.text)
    PLL_Init                                 0x000006f3   Thumb Code   118  texas.o(.text)
    TExaS_Init                               0x00000769   Thumb Code   282  texas.o(.text)
    StopTimer4                               0x00000883   Thumb Code    16  texas.o(.text)
    StartTimer4                              0x00000893   Thumb Code    24  texas.o(.text)
    Timer4A_Handler                          0x000008ab   Thumb Code    20  texas.o(.text)
    ADC1_In                                  0x000008bf   Thumb Code     6  texas.o(.text)
    Timer5A_Handler                          0x000008c5   Thumb Code    34  texas.o(.text)
    TExaS_Stop                               0x000008e7   Thumb Code    18  texas.o(.text)
    copy                                     0x000008f9   Thumb Code    16  texas.o(.text)
    SetMode                                  0x00000909   Thumb Code    22  texas.o(.text)
    UART0_InChar                             0x0000091f   Thumb Code    20  texas.o(.text)
    UART0_InCharNonBlocking                  0x00000933   Thumb Code    22  texas.o(.text)
    UART0_OutChar                            0x00000949   Thumb Code   200  texas.o(.text)
    UART0_OutCharNonBlock                    0x00000a11   Thumb Code     6  texas.o(.text)
    __use_two_region_memory                  0x00000a1d   Thumb Code     2  heapauxi.o(.text)
    __rt_heap_escrow$2region                 0x00000a1f   Thumb Code     2  heapauxi.o(.text)
    __rt_heap_expand$2region                 0x00000a21   Thumb Code     2  heapauxi.o(.text)
    __read_errno                             0x00000a23   Thumb Code    10  _rserrno.o(.text)
    __set_errno                              0x00000a2d   Thumb Code    12  _rserrno.o(.text)
    __user_setup_stackheap                   0x00000a39   Thumb Code    74  sys_stackheap_outer.o(.text)
    __aeabi_errno_addr                       0x00000a85   Thumb Code     8  rt_errno_addr_intlibspace.o(.text)
    __errno$intlibspace                      0x00000a85   Thumb Code     0  rt_errno_addr_intlibspace.o(.text)
    __rt_errno_addr$intlibspace              0x00000a85   Thumb Code     0  rt_errno_addr_intlibspace.o(.text)
    exit                                     0x00000a8d   Thumb Code    12  exit.o(.text)
    __user_libspace                          0x00000a99   Thumb Code     8  libspace.o(.text)
    __user_perproc_libspace                  0x00000a99   Thumb Code     0  libspace.o(.text)
    __user_perthread_libspace                0x00000a99   Thumb Code     0  libspace.o(.text)
    _sys_exit                                0x00000aa1   Thumb Code     8  sys_exit.o(.text)
    __I$use$semihosting                      0x00000aad   Thumb Code     0  use_no_semi.o(.text)
    __use_no_semihosting_swi                 0x00000aad   Thumb Code     2  use_no_semi.o(.text)
    __semihosting_library_function           0x00000aaf   Thumb Code     0  indicate_semi.o(.text)
    ADC_In                                   0x00000ab1   Thumb Code    36  adc.o(i.ADC_In)
    ADC_Init                                 0x00000add   Thumb Code   190  adc.o(i.ADC_Init)
    AIMoveX                                  0x00000bc5   Thumb Code   402  alienai.o(i.AIMoveX)
    AIMoveY                                  0x00000d5d   Thumb Code   210  alienai.o(i.AIMoveY)
    Delay1ms                                 0x00000e35   Thumb Code    32  st7735.o(i.Delay1ms)
    ST7735_DrawBitmap                        0x00000e55   Thumb Code   280  st7735.o(i.ST7735_DrawBitmap)
    ST7735_DrawCharS                         0x00000f75   Thumb Code   232  st7735.o(i.ST7735_DrawCharS)
    ST7735_DrawPixel                         0x00001069   Thumb Code    64  st7735.o(i.ST7735_DrawPixel)
    ST7735_DrawString                        0x000010b1   Thumb Code    86  st7735.o(i.ST7735_DrawString)
    ST7735_FillRect                          0x00001109   Thumb Code   164  st7735.o(i.ST7735_FillRect)
    ST7735_FillScreen                        0x000011b5   Thumb Code    28  st7735.o(i.ST7735_FillScreen)
    ST7735_InitR                             0x000011d9   Thumb Code    90  st7735.o(i.ST7735_InitR)
    ST7735_OutChar                           0x00001255   Thumb Code   176  st7735.o(i.ST7735_OutChar)
    ST7735_OutString                         0x00001329   Thumb Code    24  st7735.o(i.ST7735_OutString)
    ST7735_SetCursor                         0x00001341   Thumb Code    22  st7735.o(i.ST7735_SetCursor)
    SysTick_Handler                          0x00001361   Thumb Code     8  spaceinvaders.o(i.SysTick_Handler)
    Timer0A_Handler                          0x00001369   Thumb Code   534  spaceinvaders.o(i.Timer0A_Handler)
    Timer1A_Handler                          0x000015b5   Thumb Code    14  spaceinvaders.o(i.Timer1A_Handler)
    Timer2A_Handler                          0x000015c9   Thumb Code    14  spaceinvaders.o(i.Timer2A_Handler)
    Timer3A_Handler                          0x000015dd   Thumb Code    14  spaceinvaders.o(i.Timer3A_Handler)
    __ARM_fpclassify                         0x000015f1   Thumb Code    40  fpclassify.o(i.__ARM_fpclassify)
    __kernel_poly                            0x00001619   Thumb Code   170  poly.o(i.__kernel_poly)
    __mathlib_dbl_underflow                  0x000016c5   Thumb Code    10  dunder.o(i.__mathlib_dbl_underflow)
    boxDel                                   0x000016d5   Thumb Code   212  spaceinvaders.o(i.boxDel)
    boxNew                                   0x000017b1   Thumb Code    78  spaceinvaders.o(i.boxNew)
    buttonChangeOutput                       0x00001805   Thumb Code   720  buttons.o(i.buttonChangeOutput)
    buttonInit                               0x00001afd   Thumb Code   342  buttons.o(i.buttonInit)
    buttonTest                               0x00001c59   Thumb Code   154  buttons.o(i.buttonTest)
    buttonTestEntity                         0x00001cf9   Thumb Code   274  buttons.o(i.buttonTestEntity)
    coordConvert                             0x00001fed   Thumb Code    20  conversions.o(i.coordConvert)
    detect                                   0x00002005   Thumb Code   500  spaceinvaders.o(i.detect)
    entDisplay                               0x000021fd   Thumb Code   386  movement.o(i.entDisplay)
    entityConvert                            0x000023a5   Thumb Code    32  conversions.o(i.entityConvert)
    gravConvert                              0x000023c9   Thumb Code    80  conversions.o(i.gravConvert)
    groundCheck                              0x00002421   Thumb Code   590  movement.o(i.groundCheck)
    magCheck                                 0x00002679   Thumb Code   280  movement.o(i.magCheck)
    main                                     0x00002795   Thumb Code   214  spaceinvaders.o(i.main)
    newLevel                                 0x000028a9   Thumb Code   936  spaceinvaders.o(i.newLevel)
    noteConvert                              0x00002cbd   Thumb Code   104  sound.o(i.noteConvert)
    playerMove                               0x00002d35   Thumb Code    32  movement.o(i.playerMove)
    portBInit                                0x00002d59   Thumb Code    82  portinit.o(i.portBInit)
    portDInit                                0x00002dc5   Thumb Code   102  portinit.o(i.portDInit)
    posUpdate                                0x00002e4d   Thumb Code   740  movement.o(i.posUpdate)
    pow                                      0x0000313d   Thumb Code  2510  pow.o(i.pow)
    powl                                     0x00003b1d   Thumb Code     4  powl.o(i.powl)
    setSysTick                               0x00003ba9   Thumb Code    22  sound.o(i.setSysTick)
    sound1                                   0x00003bc1   Thumb Code    88  sound.o(i.sound1)
    sound1Set                                0x00003c35   Thumb Code   104  sound.o(i.sound1Set)
    sound2                                   0x00003cc9   Thumb Code    88  sound.o(i.sound2)
    sound2Set                                0x00003d3d   Thumb Code   104  sound.o(i.sound2Set)
    sound3                                   0x00003dd1   Thumb Code    56  sound.o(i.sound3)
    soundTick                                0x00003e1d   Thumb Code    68  sound.o(i.soundTick)
    sqrt                                     0x00003e6d   Thumb Code    76  sqrt.o(i.sqrt)
    timerInit                                0x00003eb9   Thumb Code   262  timers.o(i.timerInit)
    wallCheck                                0x00003fe1   Thumb Code   566  movement.o(i.wallCheck)
    __aeabi_dadd                             0x00004221   Thumb Code     0  daddsub_clz.o(x$fpl$dadd)
    _dadd                                    0x00004221   Thumb Code   332  daddsub_clz.o(x$fpl$dadd)
    __fpl_dcheck_NaN1                        0x00004371   Thumb Code    10  dcheck1.o(x$fpl$dcheck1)
    __fpl_dcmp_Inf                           0x00004381   Thumb Code    24  dcmpi.o(x$fpl$dcmpinf)
    __aeabi_ddiv                             0x00004399   Thumb Code     0  ddiv.o(x$fpl$ddiv)
    _ddiv                                    0x00004399   Thumb Code   552  ddiv.o(x$fpl$ddiv)
    __aeabi_d2iz                             0x00004649   Thumb Code     0  dfix.o(x$fpl$dfix)
    _dfix                                    0x00004649   Thumb Code    94  dfix.o(x$fpl$dfix)
    __aeabi_i2d                              0x000046a7   Thumb Code     0  dflt_clz.o(x$fpl$dflt)
    _dflt                                    0x000046a7   Thumb Code    46  dflt_clz.o(x$fpl$dflt)
    __aeabi_cdcmple                          0x000046d5   Thumb Code     0  dleqf.o(x$fpl$dleqf)
    _dcmple                                  0x000046d5   Thumb Code   120  dleqf.o(x$fpl$dleqf)
    __fpl_dcmple_InfNaN                      0x00004737   Thumb Code     0  dleqf.o(x$fpl$dleqf)
    __aeabi_dmul                             0x0000474d   Thumb Code     0  dmul.o(x$fpl$dmul)
    _dmul                                    0x0000474d   Thumb Code   332  dmul.o(x$fpl$dmul)
    __fpl_dnaninf                            0x000048a1   Thumb Code   156  dnaninf.o(x$fpl$dnaninf)
    __fpl_dretinf                            0x0000493d   Thumb Code    12  dretinf.o(x$fpl$dretinf)
    __aeabi_cdrcmple                         0x00004949   Thumb Code     0  drleqf.o(x$fpl$drleqf)
    _drcmple                                 0x00004949   Thumb Code   108  drleqf.o(x$fpl$drleqf)
    __aeabi_drsub                            0x000049b5   Thumb Code     0  daddsub_clz.o(x$fpl$drsb)
    _drsb                                    0x000049b5   Thumb Code    22  daddsub_clz.o(x$fpl$drsb)
    _dsqrt                                   0x000049cd   Thumb Code   404  dsqrt_umaal.o(x$fpl$dsqrt)
    __aeabi_dsub                             0x00004b65   Thumb Code     0  daddsub_clz.o(x$fpl$dsub)
    _dsub                                    0x00004b65   Thumb Code   464  daddsub_clz.o(x$fpl$dsub)
    __fpl_return_NaN                         0x00004d39   Thumb Code   100  retnan.o(x$fpl$retnan)
    __ARM_scalbn                             0x00004d9d   Thumb Code    92  scalbn.o(x$fpl$scalbn)
    __fpl_cmpreturn                          0x00004df9   Thumb Code    48  trapv.o(x$fpl$trapveneer)
    __I$use$fp                               0x00004e28   Number         0  usenofp.o(x$fpl$usenofp)
    sound1notes                              0x00004e28   Data           1  sound.o(.constdata)
    sound2notes                              0x00004e29   Data           1  sound.o(.constdata)
    sound3notes                              0x00004e2a   Data           1  sound.o(.constdata)
    sound1Notes                              0x00004e2b   Data          14  sound.o(.constdata)
    sound1Inst                               0x00004e39   Data          14  sound.o(.constdata)
    sound1Times                              0x00004e48   Data          28  sound.o(.constdata)
    sound2Notes                              0x00004e64   Data           7  sound.o(.constdata)
    sound2Inst                               0x00004e6b   Data           7  sound.o(.constdata)
    sound2Times                              0x00004e72   Data          14  sound.o(.constdata)
    dBfs                                     0x00005462   Data         512  st7735.o(.constdata)
    objwall                                  0x00005662   Data         128  tileset.o(.constdata)
    objmagnet                                0x000056e2   Data         128  tileset.o(.constdata)
    objspike0                                0x00005762   Data         128  tileset.o(.constdata)
    objspike90                               0x000057e2   Data         128  tileset.o(.constdata)
    objspike180                              0x00005862   Data         128  tileset.o(.constdata)
    objspike270                              0x000058e2   Data         128  tileset.o(.constdata)
    objzappersmall0                          0x00005962   Data         128  tileset.o(.constdata)
    objzappersmall90                         0x000059e2   Data         128  tileset.o(.constdata)
    objzappersmalloff0                       0x00005a62   Data         128  tileset.o(.constdata)
    objzappersmalloff90                      0x00005ae2   Data         128  tileset.o(.constdata)
    spritebox0                               0x00005b62   Data         128  tileset.o(.constdata)
    spritebox180                             0x00005be2   Data         128  tileset.o(.constdata)
    objbuttonon180                           0x00005c62   Data         128  tileset.o(.constdata)
    objbuttonon0                             0x00005ce2   Data         128  tileset.o(.constdata)
    objbuttonoff180                          0x00005d62   Data         128  tileset.o(.constdata)
    objbuttonoff0                            0x00005de2   Data         128  tileset.o(.constdata)
    spritemonster0                           0x00005e62   Data         128  tileset.o(.constdata)
    spritealien0                             0x00005ee2   Data         128  tileset.o(.constdata)
    spritealien180                           0x00005f62   Data         128  tileset.o(.constdata)
    spriteastrol0                            0x00005fe2   Data         128  tileset.o(.constdata)
    spriteastror0                            0x00006062   Data         128  tileset.o(.constdata)
    spriteastrol180                          0x000060e2   Data         128  tileset.o(.constdata)
    spriteastror180                          0x00006162   Data         128  tileset.o(.constdata)
    specialgrey                              0x000061e2   Data         128  tileset.o(.constdata)
    specialdotblue                           0x00006262   Data           2  tileset.o(.constdata)
    specialdotgreen                          0x00006264   Data           2  tileset.o(.constdata)
    intro                                    0x00006266   Data       40960  tileset.o(.constdata)
    InputPortMsg                             0x00010266   Data          40  texas.o(.constdata)
    OutputPortMsg                            0x0001028e   Data          40  texas.o(.constdata)
    BlankMsg                                 0x000102b6   Data          40  texas.o(.constdata)
    InitializedMsg                           0x000102de   Data          40  texas.o(.constdata)
    IntroMsg                                 0x00010306   Data          40  texas.o(.constdata)
    DoneMsg                                  0x0001032e   Data          40  texas.o(.constdata)
    __mathlib_zero                           0x000103e0   Data           8  qnan.o(.constdata)
    Region$$Table$$Base                      0x000103e8   Number         0  anon$$obj.o(Region$$Table)
    Region$$Table$$Limit                     0x00010408   Number         0  anon$$obj.o(Region$$Table)
    sound1curr                               0x20000000   Data           1  sound.o(.data)
    sound2curr                               0x20000001   Data           1  sound.o(.data)
    sound3curr                               0x20000002   Data           1  sound.o(.data)
    soundfxcurr                              0x20000003   Data           1  sound.o(.data)
    sound1pt                                 0x20000004   Data           1  sound.o(.data)
    sound2pt                                 0x20000005   Data           1  sound.o(.data)
    sound3pt                                 0x20000006   Data           1  sound.o(.data)
    soundfxpt                                0x20000007   Data           1  sound.o(.data)
    sound1count                              0x20000008   Data           2  sound.o(.data)
    sound2count                              0x2000000a   Data           2  sound.o(.data)
    sound3count                              0x2000000c   Data           2  sound.o(.data)
    soundfxcount                             0x2000000e   Data           1  sound.o(.data)
    sound1arrpt                              0x20000010   Data           2  sound.o(.data)
    sound2arrpt                              0x20000012   Data           2  sound.o(.data)
    sound3arrpt                              0x20000014   Data           2  sound.o(.data)
    instruments                              0x20000016   Data         160  sound.o(.data)
    currentLevel                             0x200000b8   Data           1  spaceinvaders.o(.data)
    deaths                                   0x200000bc   Data           4  spaceinvaders.o(.data)
    holding                                  0x200000c0   Data           1  spaceinvaders.o(.data)
    count                                    0x200000c1   Data           1  spaceinvaders.o(.data)
    status                                   0x200000c8   Data           4  spaceinvaders.o(.data)
    buttonCount                              0x200000cc   Data           4  spaceinvaders.o(.data)
    StX                                      0x200000d0   Data           4  st7735.o(.data)
    StY                                      0x200000d4   Data           4  st7735.o(.data)
    StTextColor                              0x200000d8   Data           2  st7735.o(.data)
    lastj                                    0x200000e0   Data           4  st7735.o(.data)
    Messageindex                             0x200000e8   Data           4  st7735.o(.data)
    Ymax                                     0x200000ec   Data           4  st7735.o(.data)
    Ymin                                     0x200000f0   Data           4  st7735.o(.data)
    X                                        0x200000f4   Data           4  st7735.o(.data)
    Yrange                                   0x200000f8   Data           4  st7735.o(.data)
    dead                                     0x2000010c   Data           4  movement.o(.data)
    levelData                                0x20000110   Data        2240  levels.o(.data)
    dir                                      0x200009d0   Data          28  alienai.o(.data)
    TExaS_Period                             0x200009ec   Data           4  texas.o(.data)
    TExaS_Ports                              0x200009f0   Data           8  texas.o(.data)
    TExaS_Meter                              0x200009f8   Data           4  texas.o(.data)
    ADCnum                                   0x200009fc   Data           4  texas.o(.data)
    LastMode                                 0x20000a00   Data           4  texas.o(.data)
    bFlag                                    0x20000a04   Data           4  texas.o(.data)
    Count                                    0x20000a08   Data           4  texas.o(.data)
    DelayBetweenTests                        0x20000a0c   Data           4  texas.o(.data)
    TExaS_Test                               0x20000a10   Data           4  texas.o(.data)
    ScopeMode                                0x20000a14   Data           4  texas.o(.data)
    ScopeCount                               0x20000a18   Data           4  texas.o(.data)
    entities                                 0x20000a1c   Data         112  spaceinvaders.o(.bss)
    buttons                                  0x20000aa0   Data         392  buttons.o(.bss)
    TExaS                                    0x20000c28   Data          56  texas.o(.bss)
    __libspace_start                         0x20000c60   Data          96  libspace.o(.bss)
    __temporary_stack_top$libspace           0x20000cc0   Data           0  libspace.o(.bss)



==============================================================================

Memory Map of the image

  Image Entry point : 0x0000026d

  Load Region LR_1 (Base: 0x00000000, Size: 0x00010e24, Max: 0xffffffff, ABSOLUTE, COMPRESSED[0x00010618])

    Execution Region ER_RO (Base: 0x00000000, Size: 0x00010408, Max: 0xffffffff, ABSOLUTE)

    Base Addr    Size         Type   Attr      Idx    E Section Name        Object

    0x00000000   0x00000284   Code   RO            3  * RESET               startup.o
    0x00000284   0x00000008   Code   RO          698  * !!!main             c_w.l(__main.o)
    0x0000028c   0x00000034   Code   RO          931    !!!scatter          c_w.l(__scatter.o)
    0x000002c0   0x00000064   Code   RO          929    !!dclz77c           c_w.l(__dclz77c.o)
    0x00000324   0x0000001c   Code   RO          933    !!handler_zi        c_w.l(__scatter_zi.o)
    0x00000340   0x00000002   Code   RO          790    .ARM.Collect$$libinit$$00000000  c_w.l(libinit.o)
    0x00000342   0x00000000   Code   RO          803    .ARM.Collect$$libinit$$00000002  c_w.l(libinit2.o)
    0x00000342   0x00000000   Code   RO          806    .ARM.Collect$$libinit$$00000008  c_w.l(libinit2.o)
    0x00000342   0x00000000   Code   RO          808    .ARM.Collect$$libinit$$0000000A  c_w.l(libinit2.o)
    0x00000342   0x00000000   Code   RO          810    .ARM.Collect$$libinit$$0000000C  c_w.l(libinit2.o)
    0x00000342   0x00000000   Code   RO          813    .ARM.Collect$$libinit$$0000000F  c_w.l(libinit2.o)
    0x00000342   0x00000000   Code   RO          815    .ARM.Collect$$libinit$$00000011  c_w.l(libinit2.o)
    0x00000342   0x00000000   Code   RO          817    .ARM.Collect$$libinit$$00000013  c_w.l(libinit2.o)
    0x00000342   0x00000000   Code   RO          819    .ARM.Collect$$libinit$$00000015  c_w.l(libinit2.o)
    0x00000342   0x00000000   Code   RO          821    .ARM.Collect$$libinit$$00000017  c_w.l(libinit2.o)
    0x00000342   0x00000000   Code   RO          823    .ARM.Collect$$libinit$$00000019  c_w.l(libinit2.o)
    0x00000342   0x00000000   Code   RO          825    .ARM.Collect$$libinit$$0000001B  c_w.l(libinit2.o)
    0x00000342   0x00000000   Code   RO          827    .ARM.Collect$$libinit$$0000001D  c_w.l(libinit2.o)
    0x00000342   0x00000000   Code   RO          829    .ARM.Collect$$libinit$$0000001F  c_w.l(libinit2.o)
    0x00000342   0x00000000   Code   RO          831    .ARM.Collect$$libinit$$00000021  c_w.l(libinit2.o)
    0x00000342   0x00000000   Code   RO          833    .ARM.Collect$$libinit$$00000023  c_w.l(libinit2.o)
    0x00000342   0x00000000   Code   RO          837    .ARM.Collect$$libinit$$0000002A  c_w.l(libinit2.o)
    0x00000342   0x00000000   Code   RO          839    .ARM.Collect$$libinit$$0000002C  c_w.l(libinit2.o)
    0x00000342   0x00000000   Code   RO          841    .ARM.Collect$$libinit$$0000002E  c_w.l(libinit2.o)
    0x00000342   0x00000000   Code   RO          843    .ARM.Collect$$libinit$$00000030  c_w.l(libinit2.o)
    0x00000342   0x00000002   Code   RO          844    .ARM.Collect$$libinit$$00000031  c_w.l(libinit2.o)
    0x00000344   0x00000002   Code   RO          870    .ARM.Collect$$libshutdown$$00000000  c_w.l(libshutdown.o)
    0x00000346   0x00000000   Code   RO          884    .ARM.Collect$$libshutdown$$00000003  c_w.l(libshutdown2.o)
    0x00000346   0x00000000   Code   RO          887    .ARM.Collect$$libshutdown$$00000006  c_w.l(libshutdown2.o)
    0x00000346   0x00000000   Code   RO          890    .ARM.Collect$$libshutdown$$00000009  c_w.l(libshutdown2.o)
    0x00000346   0x00000000   Code   RO          892    .ARM.Collect$$libshutdown$$0000000B  c_w.l(libshutdown2.o)
    0x00000346   0x00000000   Code   RO          895    .ARM.Collect$$libshutdown$$0000000E  c_w.l(libshutdown2.o)
    0x00000346   0x00000002   Code   RO          896    .ARM.Collect$$libshutdown$$0000000F  c_w.l(libshutdown2.o)
    0x00000348   0x00000000   Code   RO          718    .ARM.Collect$$rtentry$$00000000  c_w.l(rtentry.o)
    0x00000348   0x00000000   Code   RO          735    .ARM.Collect$$rtentry$$00000002  c_w.l(rtentry2.o)
    0x00000348   0x00000006   Code   RO          747    .ARM.Collect$$rtentry$$00000004  c_w.l(rtentry4.o)
    0x0000034e   0x00000000   Code   RO          737    .ARM.Collect$$rtentry$$00000009  c_w.l(rtentry2.o)
    0x0000034e   0x00000004   Code   RO          738    .ARM.Collect$$rtentry$$0000000A  c_w.l(rtentry2.o)
    0x00000352   0x00000000   Code   RO          740    .ARM.Collect$$rtentry$$0000000C  c_w.l(rtentry2.o)
    0x00000352   0x00000008   Code   RO          741    .ARM.Collect$$rtentry$$0000000D  c_w.l(rtentry2.o)
    0x0000035a   0x00000002   Code   RO          800    .ARM.Collect$$rtexit$$00000000  c_w.l(rtexit.o)
    0x0000035c   0x00000000   Code   RO          850    .ARM.Collect$$rtexit$$00000002  c_w.l(rtexit2.o)
    0x0000035c   0x00000004   Code   RO          851    .ARM.Collect$$rtexit$$00000003  c_w.l(rtexit2.o)
    0x00000360   0x00000006   Code   RO          852    .ARM.Collect$$rtexit$$00000004  c_w.l(rtexit2.o)
    0x00000366   0x00000002   PAD
    0x00000368   0x00000030   Code   RO            4    .text               startup.o
    0x00000398   0x00000070   Code   RO          124    .text               lcd.o
    0x00000408   0x00000174   Code   RO          127    .text               print.o
    0x0000057c   0x000004a0   Code   RO          677    .text               texas.o
    0x00000a1c   0x00000006   Code   RO          696    .text               c_w.l(heapauxi.o)
    0x00000a22   0x00000016   Code   RO          749    .text               c_w.l(_rserrno.o)
    0x00000a38   0x0000004a   Code   RO          776    .text               c_w.l(sys_stackheap_outer.o)
    0x00000a82   0x00000002   PAD
    0x00000a84   0x00000008   Code   RO          781    .text               c_w.l(rt_errno_addr_intlibspace.o)
    0x00000a8c   0x0000000c   Code   RO          783    .text               c_w.l(exit.o)
    0x00000a98   0x00000008   Code   RO          797    .text               c_w.l(libspace.o)
    0x00000aa0   0x0000000c   Code   RO          862    .text               c_w.l(sys_exit.o)
    0x00000aac   0x00000002   Code   RO          873    .text               c_w.l(use_no_semi.o)
    0x00000aae   0x00000000   Code   RO          875    .text               c_w.l(indicate_semi.o)
    0x00000aae   0x00000002   PAD
    0x00000ab0   0x0000002c   Code   RO           41    i.ADC_In            adc.o
    0x00000adc   0x000000e8   Code   RO           42    i.ADC_Init          adc.o
    0x00000bc4   0x00000198   Code   RO          653    i.AIMoveX           alienai.o
    0x00000d5c   0x000000d8   Code   RO          654    i.AIMoveY           alienai.o
    0x00000e34   0x00000020   Code   RO          236    i.Delay1ms          st7735.o
    0x00000e54   0x00000120   Code   RO          243    i.ST7735_DrawBitmap  st7735.o
    0x00000f74   0x000000f4   Code   RO          245    i.ST7735_DrawCharS  st7735.o
    0x00001068   0x00000048   Code   RO          248    i.ST7735_DrawPixel  st7735.o
    0x000010b0   0x00000056   Code   RO          249    i.ST7735_DrawString  st7735.o
    0x00001106   0x00000002   PAD
    0x00001108   0x000000ac   Code   RO          250    i.ST7735_FillRect   st7735.o
    0x000011b4   0x00000024   Code   RO          251    i.ST7735_FillScreen  st7735.o
    0x000011d8   0x0000007c   Code   RO          253    i.ST7735_InitR      st7735.o
    0x00001254   0x000000d4   Code   RO          255    i.ST7735_OutChar    st7735.o
    0x00001328   0x00000018   Code   RO          256    i.ST7735_OutString  st7735.o
    0x00001340   0x00000020   Code   RO          266    i.ST7735_SetCursor  st7735.o
    0x00001360   0x00000008   Code   RO          130    i.SysTick_Handler   spaceinvaders.o
    0x00001368   0x0000024c   Code   RO          131    i.Timer0A_Handler   spaceinvaders.o
    0x000015b4   0x00000014   Code   RO          132    i.Timer1A_Handler   spaceinvaders.o
    0x000015c8   0x00000014   Code   RO          133    i.Timer2A_Handler   spaceinvaders.o
    0x000015dc   0x00000014   Code   RO          134    i.Timer3A_Handler   spaceinvaders.o
    0x000015f0   0x00000028   Code   RO          763    i.__ARM_fpclassify  m_ws.l(fpclassify.o)
    0x00001618   0x000000aa   Code   RO          765    i.__kernel_poly     m_ws.l(poly.o)
    0x000016c2   0x00000002   PAD
    0x000016c4   0x00000010   Code   RO          761    i.__mathlib_dbl_underflow  m_ws.l(dunder.o)
    0x000016d4   0x000000dc   Code   RO          135    i.boxDel            spaceinvaders.o
    0x000017b0   0x00000054   Code   RO          136    i.boxNew            spaceinvaders.o
    0x00001804   0x000002f8   Code   RO          620    i.buttonChangeOutput  buttons.o
    0x00001afc   0x0000015c   Code   RO          621    i.buttonInit        buttons.o
    0x00001c58   0x000000a0   Code   RO          622    i.buttonTest        buttons.o
    0x00001cf8   0x00000118   Code   RO          623    i.buttonTestEntity  buttons.o
    0x00001e10   0x00000056   Code   RO          270    i.commandList       st7735.o
    0x00001e66   0x00000002   PAD
    0x00001e68   0x00000184   Code   RO          271    i.commonInit        st7735.o
    0x00001fec   0x00000018   Code   RO          517    i.coordConvert      conversions.o
    0x00002004   0x000001f8   Code   RO          137    i.detect            spaceinvaders.o
    0x000021fc   0x000001a8   Code   RO          552    i.entDisplay        movement.o
    0x000023a4   0x00000024   Code   RO          518    i.entityConvert     conversions.o
    0x000023c8   0x00000058   Code   RO          519    i.gravConvert       conversions.o
    0x00002420   0x00000258   Code   RO          553    i.groundCheck       movement.o
    0x00002678   0x0000011c   Code   RO          554    i.magCheck          movement.o
    0x00002794   0x00000114   Code   RO          138    i.main              spaceinvaders.o
    0x000028a8   0x00000414   Code   RO          139    i.newLevel          spaceinvaders.o
    0x00002cbc   0x00000078   Code   RO           59    i.noteConvert       sound.o
    0x00002d34   0x00000024   Code   RO          555    i.playerMove        movement.o
    0x00002d58   0x0000006c   Code   RO          499    i.portBInit         portinit.o
    0x00002dc4   0x00000088   Code   RO          500    i.portDInit         portinit.o
    0x00002e4c   0x000002f0   Code   RO          556    i.posUpdate         movement.o
    0x0000313c   0x000009e0   Code   RO          725    i.pow               m_ws.l(pow.o)
    0x00003b1c   0x00000004   Code   RO          716    i.powl              m_ws.l(powl.o)
    0x00003b20   0x00000012   Code   RO          276    i.pushColor         st7735.o
    0x00003b32   0x00000002   PAD
    0x00003b34   0x00000074   Code   RO          277    i.setAddrWindow     st7735.o
    0x00003ba8   0x00000016   Code   RO           60    i.setSysTick        sound.o
    0x00003bbe   0x00000002   PAD
    0x00003bc0   0x00000074   Code   RO           61    i.sound1            sound.o
    0x00003c34   0x00000094   Code   RO           62    i.sound1Set         sound.o
    0x00003cc8   0x00000074   Code   RO           63    i.sound2            sound.o
    0x00003d3c   0x00000094   Code   RO           64    i.sound2Set         sound.o
    0x00003dd0   0x0000004c   Code   RO           65    i.sound3            sound.o
    0x00003e1c   0x00000050   Code   RO           66    i.soundTick         sound.o
    0x00003e6c   0x0000004c   Code   RO          769    i.sqrt              m_ws.l(sqrt.o)
    0x00003eb8   0x00000128   Code   RO          540    i.timerInit         timers.o
    0x00003fe0   0x00000240   Code   RO          557    i.wallCheck         movement.o
    0x00004220   0x00000150   Code   RO          751    x$fpl$dadd          fz_ws.l(daddsub_clz.o)
    0x00004370   0x00000010   Code   RO          791    x$fpl$dcheck1       fz_ws.l(dcheck1.o)
    0x00004380   0x00000018   Code   RO          845    x$fpl$dcmpinf       fz_ws.l(dcmpi.o)
    0x00004398   0x000002b0   Code   RO          701    x$fpl$ddiv          fz_ws.l(ddiv.o)
    0x00004648   0x0000005e   Code   RO          704    x$fpl$dfix          fz_ws.l(dfix.o)
    0x000046a6   0x0000002e   Code   RO          709    x$fpl$dflt          fz_ws.l(dflt_clz.o)
    0x000046d4   0x00000078   Code   RO          793    x$fpl$dleqf         fz_ws.l(dleqf.o)
    0x0000474c   0x00000154   Code   RO          714    x$fpl$dmul          fz_ws.l(dmul.o)
    0x000048a0   0x0000009c   Code   RO          719    x$fpl$dnaninf       fz_ws.l(dnaninf.o)
    0x0000493c   0x0000000c   Code   RO          721    x$fpl$dretinf       fz_ws.l(dretinf.o)
    0x00004948   0x0000006c   Code   RO          757    x$fpl$drleqf        fz_ws.l(drleqf.o)
    0x000049b4   0x00000016   Code   RO          752    x$fpl$drsb          fz_ws.l(daddsub_clz.o)
    0x000049ca   0x00000002   PAD
    0x000049cc   0x00000198   Code   RO          795    x$fpl$dsqrt         fz_ws.l(dsqrt_umaal.o)
    0x00004b64   0x000001d4   Code   RO          753    x$fpl$dsub          fz_ws.l(daddsub_clz.o)
    0x00004d38   0x00000064   Code   RO          847    x$fpl$retnan        fz_ws.l(retnan.o)
    0x00004d9c   0x0000005c   Code   RO          759    x$fpl$scalbn        fz_ws.l(scalbn.o)
    0x00004df8   0x00000030   Code   RO          860    x$fpl$trapveneer    fz_ws.l(trapv.o)
    0x00004e28   0x00000000   Code   RO          723    x$fpl$usenofp       fz_ws.l(usenofp.o)
    0x00004e28   0x00000058   Data   RO           67    .constdata          sound.o
    0x00004e80   0x000007e2   Data   RO          279    .constdata          st7735.o
    0x00005662   0x0000ac04   Data   RO          601    .constdata          tileset.o
    0x00010266   0x000000f0   Data   RO          679    .constdata          texas.o
    0x00010356   0x00000002   PAD
    0x00010358   0x00000088   Data   RO          726    .constdata          m_ws.l(pow.o)
    0x000103e0   0x00000008   Data   RO          767    .constdata          m_ws.l(qnan.o)
    0x000103e8   0x00000020   Data   RO          927    Region$$Table       anon$$obj.o


    Execution Region ER_RW (Base: 0x20000000, Size: 0x00000a1c, Max: 0xffffffff, ABSOLUTE, COMPRESSED[0x00000210])

    Base Addr    Size         Type   Attr      Idx    E Section Name        Object

    0x20000000   0x000000b6   Data   RW           68    .data               sound.o
    0x200000b6   0x00000002   PAD
    0x200000b8   0x00000018   Data   RW          141    .data               spaceinvaders.o
    0x200000d0   0x0000002c   Data   RW          280    .data               st7735.o
    0x200000fc   0x00000010   Data   RW          520    .data               conversions.o
    0x2000010c   0x00000004   Data   RW          559    .data               movement.o
    0x20000110   0x000008c0   Data   RW          608    .data               levels.o
    0x200009d0   0x0000001c   Data   RW          655    .data               alienai.o
    0x200009ec   0x00000030   Data   RW          680    .data               texas.o


    Execution Region ER_ZI (Base: 0x20000a1c, Size: 0x000006a4, Max: 0xffffffff, ABSOLUTE)

    Base Addr    Size         Type   Attr      Idx    E Section Name        Object

    0x20000a1c   0x00000070   Zero   RW          140    .bss                spaceinvaders.o
    0x20000a8c   0x00000014   Zero   RW          558    .bss                movement.o
    0x20000aa0   0x00000188   Zero   RW          624    .bss                buttons.o
    0x20000c28   0x00000038   Zero   RW          678    .bss                texas.o
    0x20000c60   0x00000060   Zero   RW          798    .bss                c_w.l(libspace.o)
    0x20000cc0   0x00000000   Zero   RW            2    HEAP                startup.o
    0x20000cc0   0x00000400   Zero   RW            1    STACK               startup.o


==============================================================================

Image component sizes


      Code (inc. data)   RO Data    RW Data    ZI Data      Debug   Object Name

       276         50          0          0          0        936   adc.o
       624         12          0         28          0       2462   alienai.o
      1548         58          0          0        392       3528   buttons.o
       148         16          0         16          0       1557   conversions.o
         0          0          0          0          0       4212   dac.o
       112         12          0          0          0        228   lcd.o
         0          0          0       2240          0        476   levels.o
      2672         78          0          4         20       6486   movement.o
       244         60          0          0          0        884   portinit.o
       372         20          0          0          0        312   print.o
       826        192         88        182          0       4905   sound.o
      2784        260          0         24        112       8579   spaceinvaders.o
      1930        182       2018         44          0      12126   st7735.o
       692        632          0          0       1024        940   startup.o
      1184        188        240         48         56      14668   texas.o
         0          0      44036          0          0       1747   tileset.o
       296         34          0          0          0        508   timers.o

    ----------------------------------------------------------------------
     13716       1794      46416       2588       1604      64554   Object Totals
         0          0         32          0          0          0   (incl. Generated)
         8          0          2          2          0          0   (incl. Padding)

    ----------------------------------------------------------------------

      Code (inc. data)   RO Data    RW Data    ZI Data      Debug   Library Member Name

       100          0          0          0          0          0   __dclz77c.o
         8          0          0          0          0         68   __main.o
        52          8          0          0          0          0   __scatter.o
        28          0          0          0          0          0   __scatter_zi.o
        22          0          0          0          0        100   _rserrno.o
        12          0          0          0          0         72   exit.o
         6          0          0          0          0        152   heapauxi.o
         0          0          0          0          0          0   indicate_semi.o
         2          0          0          0          0          0   libinit.o
         2          0          0          0          0          0   libinit2.o
         2          0          0          0          0          0   libshutdown.o
         2          0          0          0          0          0   libshutdown2.o
         8          4          0          0         96         68   libspace.o
         8          4          0          0          0         68   rt_errno_addr_intlibspace.o
         0          0          0          0          0          0   rtentry.o
        12          0          0          0          0          0   rtentry2.o
         6          0          0          0          0          0   rtentry4.o
         2          0          0          0          0          0   rtexit.o
        10          0          0          0          0          0   rtexit2.o
        12          4          0          0          0         68   sys_exit.o
        74          0          0          0          0         80   sys_stackheap_outer.o
         2          0          0          0          0         68   use_no_semi.o
       826         16          0          0          0        348   daddsub_clz.o
        16          4          0          0          0         68   dcheck1.o
        24          0          0          0          0         68   dcmpi.o
       688        140          0          0          0        208   ddiv.o
        94          4          0          0          0         92   dfix.o
        46          0          0          0          0         68   dflt_clz.o
       120          4          0          0          0         92   dleqf.o
       340         12          0          0          0        104   dmul.o
       156          4          0          0          0         92   dnaninf.o
        12          0          0          0          0         68   dretinf.o
       108          0          0          0          0         80   drleqf.o
       408         56          0          0          0        120   dsqrt_umaal.o
       100          0          0          0          0         68   retnan.o
        92          0          0          0          0         68   scalbn.o
        48          0          0          0          0         68   trapv.o
         0          0          0          0          0          0   usenofp.o
        16          6          0          0          0         68   dunder.o
        40          0          0          0          0         68   fpclassify.o
       170          0          0          0          0         96   poly.o
      2528        190        136          0          0        332   pow.o
         4          0          0          0          0         68   powl.o
         0          0          8          0          0          0   qnan.o
        76          0          0          0          0         84   sqrt.o

    ----------------------------------------------------------------------
      6292        456        144          0         96       3072   Library Totals
        10          0          0          0          0          0   (incl. Padding)

    ----------------------------------------------------------------------

      Code (inc. data)   RO Data    RW Data    ZI Data      Debug   Library Name

       370         20          0          0         96        744   c_w.l
      3078        240          0          0          0       1612   fz_ws.l
      2834        196        144          0          0        716   m_ws.l

    ----------------------------------------------------------------------
      6292        456        144          0         96       3072   Library Totals

    ----------------------------------------------------------------------

==============================================================================


      Code (inc. data)   RO Data    RW Data    ZI Data      Debug   

     20008       2250      46560       2588       1700      63258   Grand Totals
     20008       2250      46560        528       1700      63258   ELF Image Totals (compressed)
     20008       2250      46560        528          0          0   ROM Totals

==============================================================================

    Total RO  Size (Code + RO Data)                66568 (  65.01kB)
    Total RW  Size (RW Data + ZI Data)              4288 (   4.19kB)
    Total ROM Size (Code + RO Data + RW Data)      67096 (  65.52kB)

==============================================================================

